WARNING:root:This will get logged to a file
Test warning
Test warning
error
